id_col,col_to_scale,col_to_scale_scaled
1,5,0.5
2,8,0.8
3,10,1.0
4,-5,-0.5
5,4,0.4
6,10,1.0
7,-4,-0.4
8,0,0.0
9,2,0.2
