id_col,col_to_scale,col_to_scale_scaled
1,5,0.625
2,8,1.0
3,10,1.25
4,-5,-0.625
5,4,0.5
6,10,1.25
7,-4,-0.5
8,0,0.0
9,2,0.25
