id_col,col_to_scale_scaled
1,0.5
2,0.8
3,1.0
4,-0.5
5,0.4
6,1.0
7,-0.4
8,0.0
9,0.2
